#
# A fatal error has been detected by the Java Runtime Environment:
#
#  EXCEPTION_ACCESS_VIOLATION (0xc0000005) at pc=0x00007fffce8626c4, pid=28484, tid=18568
#
# JRE version: OpenJDK Runtime Environment (24.0.1+9) (build 24.0.1+9-30)
# Java VM: OpenJDK 64-Bit Server VM (24.0.1+9-30, mixed mode, sharing, tiered, compressed oops, compressed class ptrs, g1 gc, windows-amd64)
# Problematic frame:
# C  [libasyncProfiler.dll+0x926c4]
#
# No core dump will be written. Minidumps are not enabled by default on client versions of Windows
#
# JFR recording file will be written. Location: C:\Users\rcris\Desktop\LEI\2ANO\PP\TP\Trabalho\PP_TP_2025\hs_err_pid28484.jfr
#
# If you would like to submit a bug report, please visit:
#   https://bugreport.java.com/bugreport/crash.jsp
# The crash happened outside the Java Virtual Machine in native code.
# See problematic frame for where to report the bug.
#

---------------  S U M M A R Y ------------

Command Line: -javaagent:C:\Program Files\JetBrains\IntelliJ IDEA 2024.3.2.2\lib\idea_rt.jar=52740 -Dfile.encoding=UTF-8 -Dsun.stdout.encoding=UTF-8 -Dsun.stderr.encoding=UTF-8 Main

Host: 13th Gen Intel(R) Core(TM) i7-13700H, 20 cores, 15G,  Windows 11 , 64 bit Build 26100 (10.0.26100.3912)
Time: Tue May 20 18:44:00 2025 Hora de Verão de GMT elapsed time: 3.811727 seconds (0d 0h 0m 3s)

---------------  T H R E A D  ---------------

Current thread (0x000001ec47c9b680):  JavaThread "Attach Listener" daemon [_thread_in_native, id=18568, stack(0x000000c548e00000,0x000000c548f00000) (1024K)]

Stack: [0x000000c548e00000,0x000000c548f00000],  sp=0x000000c548efed60,  free space=1019k
Native frames: (J=compiled Java code, j=interpreted, Vv=VM code, C=native code)
C  [libasyncProfiler.dll+0x926c4]  (no source info available)
C  [libasyncProfiler.dll+0x92b9b]  (no source info available)
C  [libasyncProfiler.dll+0x917f4]  (no source info available)
C  [libasyncProfiler.dll+0x9206a]  (no source info available)
C  [libasyncProfiler.dll+0x8cc21]  (no source info available)
C  [libasyncProfiler.dll+0x7e5e1]  (no source info available)
C  [libasyncProfiler.dll+0x7d2f8]  (no source info available)
C  [libasyncProfiler.dll+0x7d1e0]  (no source info available)
C  [libasyncProfiler.dll+0x841b9]  (no source info available)
V  [jvm.dll+0x57eff7]  (no source info available)
V  [jvm.dll+0x57fdac]  (no source info available)
V  [jvm.dll+0x14ca17]  (no source info available)
V  [jvm.dll+0x14dfe1]  (no source info available)
V  [jvm.dll+0x42f456]  (no source info available)
V  [jvm.dll+0x87d76b]  (no source info available)
V  [jvm.dll+0x72ee55]  (no source info available)
C  [ucrtbase.dll+0x37b0]  (no source info available)
C  [KERNEL32.DLL+0x2e8d7]  (no source info available)
C  [ntdll.dll+0x9c5dc]  (no source info available)


siginfo: EXCEPTION_ACCESS_VIOLATION (0xc0000005), reading address 0xffffffffffffffff


Registers:
RAX=0x0000000000000010, RBX=0x0000000000000000, RCX=0xffffffffffffffff, RDX=0x007fff9017300010
RSP=0x000000c548efed60, RBP=0x000001ec8e3b4628, RSI=0x000000c548efeed0, RDI=0x000001ec8e3b4628
R8 =0x0000000000000042, R9 =0x0000000714c01ed8, R10=0x00007fff903e9fb0, R11=0x0000000000000002
R12=0x000000c548efeed0, R13=0x000001ec252f1020, R14=0x000001ec47c9ba48, R15=0x000001ec47c9ba48
RIP=0x00007fffce8626c4, EFLAGS=0x0000000000010202

XMM[0]=0x0000000000000000 0x0000000000000000
XMM[1]=0x0000000000000000 0x0000000000000000
XMM[2]=0x0000000000000000 0x0000000000000000
XMM[3]=0x0000000000000000 0x0000000000000000
XMM[4]=0x0000000000000000 0x0000000000000000
XMM[5]=0x0000000000000000 0x0000000000000000
XMM[6]=0x0000000000000000 0x0000000000000000
XMM[7]=0x0000000000000000 0x0000000000000000
XMM[8]=0x0000000000000000 0x0000000000000000
XMM[9]=0x0000000000000000 0x0000000000000000
XMM[10]=0x0000000000000000 0x0000000000000000
XMM[11]=0x0000000000000000 0x0000000000000000
XMM[12]=0x0000000000000000 0x0000000000000000
XMM[13]=0x0000000000000000 0x0000000000000000
XMM[14]=0x0000000000000000 0x0000000000000000
XMM[15]=0x0000000000000000 0x0000000000000000
  MXCSR=0x00001fa0


Register to memory mapping:

RAX=0x0000000000000010 is an unknown value
RBX=0x0 is null
RCX=0xffffffffffffffff is an unknown value
RDX=0x007fff9017300010 is an unknown value
RSP=0x000000c548efed60 is pointing into the stack for thread: 0x000001ec47c9b680
RBP=0x000001ec8e3b4628 points into unknown readable memory: 0x0000000714c01ed8 | d8 1e c0 14 07 00 00 00
RSI=0x000000c548efeed0 is pointing into the stack for thread: 0x000001ec47c9b680
RDI=0x000001ec8e3b4628 points into unknown readable memory: 0x0000000714c01ed8 | d8 1e c0 14 07 00 00 00
R8 =0x0000000000000042 is an unknown value
R9 =0x0000000714c01ed8 is an oop: java.lang.Thread 
{0x0000000714c01ed8} - klass: 'java/lang/Thread' - flags: 

 - ---- fields (total size 14 words):
 - 'threadLocalRandomProbe' 'I' @12  0 (0x00000000)
 - private volatile 'eetop' 'J' @16  2113786457136 (0x000001ec277dac30)
 - private final 'tid' 'J' @24  3 (0x0000000000000003)
 - 'threadLocalRandomSeed' 'J' @32  0 (0x0000000000000000)
 - injected 'jvmti_thread_state' 'J' @40  2115501761840 (0x000001ec8dbb2530)
 - 'threadLocalRandomSecondarySeed' 'I' @48  0 (0x00000000)
 - injected 'jvmti_VTMS_transition_disable_count' 'I' @52  0 (0x00000000)
 - injected 'jfr_epoch' 'S' @56  0 (0x0000)
 - volatile 'interrupted' 'Z' @58  false (0x00)
 - injected 'jvmti_is_in_VTMS_transition' 'Z' @59  false (0x00)
 - private volatile 'name' 'Ljava/lang/String;' @60  "main"{0x0000000714c01f48} (0xe29803e9)
 - private volatile 'contextClassLoader' 'Ljava/lang/ClassLoader;' @64  a 'jdk/internal/loader/ClassLoaders$AppClassLoader'{0x0000000714c17058} (0xe2982e0b)
 - private final 'holder' 'Ljava/lang/Thread$FieldHolder;' @68  a 'java/lang/Thread$FieldHolder'{0x0000000714c01f88} (0xe29803f1)
 - 'threadLocals' 'Ljava/lang/ThreadLocal$ThreadLocalMap;' @72  a 'java/lang/ThreadLocal$ThreadLocalMap'{0x0000000714b33ab8} (0xe2966757)
 - 'inheritableThreadLocals' 'Ljava/lang/ThreadLocal$ThreadLocalMap;' @76  null (0x00000000)
 - private 'scopedValueBindings' 'Ljava/lang/Object;' @80  a 'java/lang/Class'{0x00000007ffe7c258} = 'java/lang/Thread' (0xfffcf84b)
 - final 'interruptLock' 'Ljava/lang/Object;' @84  a 'java/lang/Object'{0x0000000714c01f78} (0xe29803ef)
 - private volatile 'parkBlocker' 'Ljava/lang/Object;' @88  null (0x00000000)
 - private 'nioBlocker' 'Lsun/nio/ch/Interruptible;' @92  null (0x00000000)
 - private 'cont' 'Ljdk/internal/vm/Continuation;' @96  null (0x00000000)
 - private volatile 'uncaughtExceptionHandler' 'Ljava/lang/Thread$UncaughtExceptionHandler;' @100  null (0x00000000)
 - private 'container' 'Ljdk/internal/vm/ThreadContainer;' @104  null (0x00000000)
 - private volatile 'headStackableScopes' 'Ljdk/internal/vm/StackableScope;' @108  null (0x00000000)
R10=0x00007fff903e9fb0 jvm.dll
R11=0x0000000000000002 is an unknown value
R12=0x000000c548efeed0 is pointing into the stack for thread: 0x000001ec47c9b680
R13=0x000001ec252f1020 points into unknown readable memory: 0x00007fff9035a510 | 10 a5 35 90 ff 7f 00 00
R14=0x000001ec47c9ba48 points into unknown readable memory: 0x00007fff903517b0 | b0 17 35 90 ff 7f 00 00
R15=0x000001ec47c9ba48 points into unknown readable memory: 0x00007fff903517b0 | b0 17 35 90 ff 7f 00 00

Top of Stack: (sp=0x000000c548efed60)
0x000000c548efed60:   000000c548efeed0 000001ec8e3b4628   ...H....(F;.....
0x000000c548efed70:   0000000000000000 000001ec47c9bdd0   ...........G....
0x000000c548efed80:   0000000000000024 00007fffce862b9b   $........+......
0x000000c548efed90:   0000000000000000 000001ec47c9ba48   ........H..G....
0x000000c548efeda0:   000000c548efee01 0000000000000000   ...H............
0x000000c548efedb0:   000001ec8eef6180 00007fffce8617f4   .a..............
0x000000c548efedc0:   0000000000000000 0000000000000024   ........$.......
0x000000c548efedd0:   0000000000000000 0000000000000024   ........$.......
0x000000c548efede0:   0000000e00000002 000001ec8e567bc0   .........{V.....
0x000000c548efedf0:   000001ec8eef6180 000001ec8eef6210   .a.......b......
0x000000c548efee00:   000001ec8eef6228 00000000000026fc   (b.......&......
0x000000c548efee10:   0000000000000000 0000000000000000   ................
0x000000c548efee20:   0000000000000000 00007fff8fbb57d4   .........W......
0x000000c548efee30:   00007fffce9a4ca0 0000000000006f44   .L......Do......
0x000000c548efee40:   00007fffce9a4ca0 00000000ffffffff   .L..............
0x000000c548efee50:   0000000000000000 00007fffce86206a   ........j ......
0x000000c548efee60:   000001ec47c9ba48 0000000000000000   H..G............
0x000000c548efee70:   000000c548efeed9 000001ec252f1020   ...H.... ./%....
0x000000c548efee80:   0000000000000004 0000000000000048   ........H.......
0x000000c548efee90:   0000000800800310 0000000000000020   ........ .......
0x000000c548efeea0:   000001ec47c9ba48 00007fffce9a4ca0   H..G.....L......
0x000000c548efeeb0:   000001ec47c99fc0 000001ec8dbb2530   ...G....0%......
0x000000c548efeec0:   0000000800800390 000001ec47c9ba48   ........H..G....
0x000000c548efeed0:   000001ec905229e0 000001ec90522e60   .)R.....`.R.....
0x000000c548efeee0:   000001ec90522e60 00007fffce9a4ca0   `.R......L......
0x000000c548efeef0:   000001ec8e087868 000000c548eff068   hx......h..H....
0x000000c548efef00:   000000c548eff1a0 0000000000008840   ...H....@.......
0x000000c548efef10:   000000c548eff380 00007fffce9a4cf0   ...H.....L......
0x000000c548efef20:   0000000000989680 0000000000989680   ................
0x000000c548efef30:   000000c548eff040 00007fffce85cc21   @..H....!.......
0x000000c548efef40:   00007fffce9a4ca0 00007fffce9a4cf8   .L.......L......
0x000000c548efef50:   00007fff00000000 00007fff00000001   ................

Instructions: (pc=0x00007fffce8626c4)
  0x00007fffce8625c4:   cc cc cc cc cc cc cc cc cc cc cc cc cc cc cc cc
  0x00007fffce8625d4:   cc cc cc cc cc cc cc cc cc cc cc cc cc cc cc cc
  0x00007fffce8625e4:   cc cc cc cc cc cc cc cc cc cc cc cc cc cc cc cc
  0x00007fffce8625f4:   cc cc cc cc cc cc cc cc cc cc cc cc cc cc cc cc
  0x00007fffce862604:   cc cc cc cc cc cc cc cc cc cc cc cc cc cc cc cc
  0x00007fffce862614:   cc cc cc cc cc cc cc cc cc cc cc cc cc cc cc cc
  0x00007fffce862624:   cc cc cc cc cc cc cc cc cc cc cc cc cc cc cc cc
  0x00007fffce862634:   cc cc cc cc cc cc cc cc cc cc cc cc cc cc cc cc
  0x00007fffce862644:   cc cc cc cc cc cc cc cc cc cc cc cc 40 57 48 83
  0x00007fffce862654:   ec 20 48 8b f9 48 8b 0d 10 28 14 00 48 85 c9 74
  0x00007fffce862664:   20 48 8b 01 48 8d 54 24 38 41 b8 06 00 01 00 4c
  0x00007fffce862674:   8b 48 30 41 ff d1 85 c0 75 07 48 8b 4c 24 38 eb
  0x00007fffce862684:   02 33 c9 4c 8b 05 ea 28 14 00 48 89 5c 24 30 4d
  0x00007fffce862694:   85 c0 74 4a 48 8b 01 48 8b d7 4c 8b 88 28 03 00
  0x00007fffce8626a4:   00 41 ff d1 48 85 c0 74 35 48 63 0d f8 e6 13 00
  0x00007fffce8626b4:   48 8b 14 01 48 85 d2 74 15 48 63 05 fc e6 13 00
=>0x00007fffce8626c4:   8b 04 10 48 8b 5c 24 30 48 83 c4 20 5f c3 b8 ff
  0x00007fffce8626d4:   ff ff ff 48 8b 5c 24 30 48 83 c4 20 5f c3 80 3d
  0x00007fffce8626e4:   9b 27 14 00 00 bb ff ff ff ff 74 20 4c 8b 0d 31
  0x00007fffce8626f4:   24 14 00 4c 8d 44 24 38 48 8b 0d 15 24 14 00 48
  0x00007fffce862704:   8b d7 41 ff d1 85 c0 0f 44 5c 24 38 8b c3 48 8b
  0x00007fffce862714:   5c 24 30 48 83 c4 20 5f c3 cc cc cc cc cc cc cc
  0x00007fffce862724:   cc cc cc cc cc cc cc cc cc cc cc cc cc cc cc cc
  0x00007fffce862734:   cc cc cc cc cc cc cc cc cc cc cc cc cc cc cc cc
  0x00007fffce862744:   cc cc cc cc cc cc cc cc cc cc cc cc 48 89 54 24
  0x00007fffce862754:   10 53 55 56 57 41 56 41 57 48 83 ec 28 48 8b f2
  0x00007fffce862764:   4c 8b f1 48 89 4c 24 78 45 33 ff 44 89 7c 24 68
  0x00007fffce862774:   c7 44 24 60 01 00 00 00 48 8d 4c 24 68 e8 ed 42
  0x00007fffce862784:   f7 ff 8b d8 48 8d 4c 24 60 e8 e1 42 f7 ff 8b e8
  0x00007fffce862794:   49 8b ce e8 00 fc f6 ff 48 8b f8 90 8b c3 f0 0f
  0x00007fffce8627a4:   b1 2f 74 04 f3 90 eb f4 4c 89 3e 4c 89 7e 08 4c
  0x00007fffce8627b4:   89 7e 10 49 8b 6e 08 4d 8b 76 10 49 3b ee 0f 84


Stack slot to memory mapping:

stack at sp + 0 slots: 0x000000c548efeed0 is pointing into the stack for thread: 0x000001ec47c9b680
stack at sp + 1 slots: 0x000001ec8e3b4628 points into unknown readable memory: 0x0000000714c01ed8 | d8 1e c0 14 07 00 00 00
stack at sp + 2 slots: 0x0 is null
stack at sp + 3 slots: 0x000001ec47c9bdd0 points into unknown readable memory: 0x6e616c2e6176616a | 6a 61 76 61 2e 6c 61 6e
stack at sp + 4 slots: 0x0000000000000024 is an unknown value
stack at sp + 5 slots: 0x00007fffce862b9b libasyncProfiler.dll
stack at sp + 6 slots: 0x0 is null
stack at sp + 7 slots: 0x000001ec47c9ba48 points into unknown readable memory: 0x00007fff903517b0 | b0 17 35 90 ff 7f 00 00

Lock stack of current Java thread (top to bottom):


---------------  P R O C E S S  ---------------

Threads class SMR info:
_java_thread_list=0x000001ec8da47640, length=25, elements={
0x000001ec277dac30, 0x000001ec47c95a50, 0x000001ec47c96190, 0x000001ec47c9aa20,
0x000001ec47c9b680, 0x000001ec47c9c410, 0x000001ec47ca6490, 0x000001ec47ca7770,
0x000001ec8d031c30, 0x000001ec8d2d54b0, 0x000001ec8d2e2310, 0x000001ec8d2e2cd0,
0x000001ec8dbe3ac0, 0x000001ec8da01da0, 0x000001ec8da59a20, 0x000001ec8da5c990,
0x000001ec8e4517a0, 0x000001ec8e451f30, 0x000001ec8e56dbb0, 0x000001ec8e56eb50,
0x000001ec8e5a1f50, 0x000001ec905d5bd0, 0x000001ec8e5b9800, 0x000001ec8e5bafa0,
0x000001ec905b7090
}

Java Threads: ( => current thread )
  0x000001ec277dac30 JavaThread "main"                              [_thread_in_native, id=25092, stack(0x000000c548300000,0x000000c548400000) (1024K)]
  0x000001ec47c95a50 JavaThread "Reference Handler"          daemon [_thread_blocked, id=18156, stack(0x000000c548b00000,0x000000c548c00000) (1024K)]
  0x000001ec47c96190 JavaThread "Finalizer"                  daemon [_thread_blocked, id=31092, stack(0x000000c548c00000,0x000000c548d00000) (1024K)]
  0x000001ec47c9aa20 JavaThread "Signal Dispatcher"          daemon [_thread_blocked, id=28744, stack(0x000000c548d00000,0x000000c548e00000) (1024K)]
=>0x000001ec47c9b680 JavaThread "Attach Listener"            daemon [_thread_in_native, id=18568, stack(0x000000c548e00000,0x000000c548f00000) (1024K)]
  0x000001ec47c9c410 JavaThread "Service Thread"             daemon [_thread_blocked, id=21164, stack(0x000000c548f00000,0x000000c549000000) (1024K)]
  0x000001ec47ca6490 JavaThread "Monitor Deflation Thread"   daemon [_thread_blocked, id=16376, stack(0x000000c549000000,0x000000c549100000) (1024K)]
  0x000001ec47ca7770 JavaThread "C2 CompilerThread0"         daemon [_thread_blocked, id=5716, stack(0x000000c549100000,0x000000c549200000) (1024K)]
  0x000001ec8d031c30 JavaThread "C1 CompilerThread0"         daemon [_thread_blocked, id=26848, stack(0x000000c549200000,0x000000c549300000) (1024K)]
  0x000001ec8d2d54b0 JavaThread "Common-Cleaner"             daemon [_thread_blocked, id=12336, stack(0x000000c549800000,0x000000c549900000) (1024K)]
  0x000001ec8d2e2310 JavaThread "Monitor Ctrl-Break"         daemon [_thread_in_native, id=15444, stack(0x000000c549900000,0x000000c549a00000) (1024K)]
  0x000001ec8d2e2cd0 JavaThread "Notification Thread"        daemon [_thread_blocked, id=26792, stack(0x000000c549a00000,0x000000c549b00000) (1024K)]
  0x000001ec8dbe3ac0 JavaThread "RMI TCP Accept-0"           daemon [_thread_in_native, id=11180, stack(0x000000c549d00000,0x000000c549e00000) (1024K)]
  0x000001ec8da01da0 JavaThread "RMI TCP Connection(1)-192.168.0.179" daemon [_thread_in_native, id=27936, stack(0x000000c549e00000,0x000000c549f00000) (1024K)]
  0x000001ec8da59a20 JavaThread "RMI Scheduler(0)"           daemon [_thread_blocked, id=6508, stack(0x000000c549f00000,0x000000c54a000000) (1024K)]
  0x000001ec8da5c990 JavaThread "JMX server connection timeout 40" daemon [_thread_blocked, id=3448, stack(0x000000c54a000000,0x000000c54a100000) (1024K)]
  0x000001ec8e4517a0 JavaThread "C2 CompilerThread1"         daemon [_thread_blocked, id=8780, stack(0x000000c549300000,0x000000c549400000) (1024K)]
  0x000001ec8e451f30 JavaThread "C2 CompilerThread2"         daemon [_thread_blocked, id=28708, stack(0x000000c549400000,0x000000c549500000) (1024K)]
  0x000001ec8e56dbb0 JavaThread "C1 CompilerThread1"         daemon [_thread_blocked, id=27580, stack(0x000000c549500000,0x000000c549600000) (1024K)]
  0x000001ec8e56eb50 JavaThread "C1 CompilerThread2"         daemon [_thread_blocked, id=28320, stack(0x000000c549600000,0x000000c549700000) (1024K)]
  0x000001ec8e5a1f50 JavaThread "JFR Recorder Thread"        daemon [_thread_in_native, id=29364, stack(0x000000c549700000,0x000000c549800000) (1024K)]
  0x000001ec905d5bd0 JavaThread "C1 CompilerThread3"         daemon [_thread_blocked, id=22572, stack(0x000000c549b00000,0x000000c549c00000) (1024K)]
  0x000001ec8e5b9800 JavaThread "C2 CompilerThread3"         daemon [_thread_blocked, id=25032, stack(0x000000c549c00000,0x000000c549d00000) (1024K)]
  0x000001ec8e5bafa0 JavaThread "C2 CompilerThread4"         daemon [_thread_blocked, id=16288, stack(0x000000c54a100000,0x000000c54a200000) (1024K)]
  0x000001ec905b7090 JavaThread "JFR Periodic Tasks"         daemon [_thread_blocked, id=9980, stack(0x000000c54a200000,0x000000c54a300000) (1024K)]
Total: 25

Other Threads:
  0x000001ec47c85f00 VMThread "VM Thread"                           [id=28284, stack(0x000000c548a00000,0x000000c548b00000) (1024K)]
  0x000001ec47b404c0 WatcherThread "VM Periodic Task Thread"        [id=4800, stack(0x000000c548900000,0x000000c548a00000) (1024K)]
  0x000001ec27843020 WorkerThread "GC Thread#0"                     [id=22964, stack(0x000000c548400000,0x000000c548500000) (1024K)]
  0x000001ec27857900 ConcurrentGCThread "G1 Main Marker"            [id=25824, stack(0x000000c548500000,0x000000c548600000) (1024K)]
  0x000001ec27858320 WorkerThread "G1 Conc#0"                       [id=9892, stack(0x000000c548600000,0x000000c548700000) (1024K)]
  0x000001ec47b32a20 ConcurrentGCThread "G1 Refine#0"               [id=11984, stack(0x000000c548700000,0x000000c548800000) (1024K)]
  0x000001ec47b334b0 ConcurrentGCThread "G1 Service"                [id=13764, stack(0x000000c548800000,0x000000c548900000) (1024K)]
Total: 7

Threads with active compile tasks:
Total: 0

VM state: not at safepoint (normal execution)

VM Mutex/Monitor currently owned by a thread: None

Heap address: 0x0000000705200000, size: 4014 MB, Compressed Oops mode: Zero based, Oop shift amount: 3

CDS archive(s) mapped at: [0x000001ec48000000-0x000001ec48d40000-0x000001ec48d40000), size 13893632, SharedBaseAddress: 0x000001ec48000000, ArchiveRelocationMode: 1.
Compressed class space mapped at: 0x000001ec49000000-0x000001ec89000000, reserved size: 1073741824
UseCompressedClassPointers 1, UseCompactObjectHeaders 0
Narrow klass pointer bits 32, Max shift 3
Narrow klass base: 0x000001ec48000000, Narrow klass shift: 0
Encoding Range: [0x000001ec48000000 - 0x000001ed48000000), (4294967296 bytes)
Klass Range:    [0x000001ec48000000 - 0x000001ec89000000), (1090519040 bytes)
Klass ID Range:  [8 - 1090519033) (1090519025)

GC Precious Log:
 CardTable entry size: 512
 Card Set container configuration: InlinePtr #cards 4 size 8 Array Of Cards #cards 16 size 48 Howl #buckets 8 coarsen threshold 3686 Howl Bitmap #cards 512 size 80 coarsen threshold 460 Card regions per heap region 1 cards per card region 4096
 CPUs: 20 total, 20 available
 Memory: 16055M
 Large Page Support: Disabled
 NUMA Support: Disabled
 Compressed Oops: Enabled (Zero based)
 Heap Region Size: 2M
 Heap Min Capacity: 8M
 Heap Initial Capacity: 252M
 Heap Max Capacity: 4014M
 Pre-touch: Disabled
 Parallel Workers: 15
 Concurrent Workers: 4
 Concurrent Refinement Workers: 15
 Periodic GC: Disabled

Heap:
 garbage-first heap   total reserved 4110336K, committed 260096K, used 33904K [0x0000000705200000, 0x0000000800000000)
  region size 2048K, 17 young (34816K), 0 survivors (0K)
 Metaspace       used 7761K, committed 8000K, reserved 1114112K
  class space    used 718K, committed 832K, reserved 1048576K

Heap Regions: E=young(eden), S=young(survivor), O=old, HS=humongous(starts), HC=humongous(continues), CS=collection set, F=free, TAMS=top-at-mark-start, PB=parsable bottom
|   0|0x0000000705200000, 0x0000000705200000, 0x0000000705400000|  0%| F|  |TAMS 0x0000000705200000| PB 0x0000000705200000| Untracked |  0
|   1|0x0000000705400000, 0x0000000705400000, 0x0000000705600000|  0%| F|  |TAMS 0x0000000705400000| PB 0x0000000705400000| Untracked |  0
|   2|0x0000000705600000, 0x0000000705600000, 0x0000000705800000|  0%| F|  |TAMS 0x0000000705600000| PB 0x0000000705600000| Untracked |  0
|   3|0x0000000705800000, 0x0000000705800000, 0x0000000705a00000|  0%| F|  |TAMS 0x0000000705800000| PB 0x0000000705800000| Untracked |  0
|   4|0x0000000705a00000, 0x0000000705a00000, 0x0000000705c00000|  0%| F|  |TAMS 0x0000000705a00000| PB 0x0000000705a00000| Untracked |  0
|   5|0x0000000705c00000, 0x0000000705c00000, 0x0000000705e00000|  0%| F|  |TAMS 0x0000000705c00000| PB 0x0000000705c00000| Untracked |  0
|   6|0x0000000705e00000, 0x0000000705e00000, 0x0000000706000000|  0%| F|  |TAMS 0x0000000705e00000| PB 0x0000000705e00000| Untracked |  0
|   7|0x0000000706000000, 0x0000000706000000, 0x0000000706200000|  0%| F|  |TAMS 0x0000000706000000| PB 0x0000000706000000| Untracked |  0
|   8|0x0000000706200000, 0x0000000706200000, 0x0000000706400000|  0%| F|  |TAMS 0x0000000706200000| PB 0x0000000706200000| Untracked |  0
|   9|0x0000000706400000, 0x0000000706400000, 0x0000000706600000|  0%| F|  |TAMS 0x0000000706400000| PB 0x0000000706400000| Untracked |  0
|  10|0x0000000706600000, 0x0000000706600000, 0x0000000706800000|  0%| F|  |TAMS 0x0000000706600000| PB 0x0000000706600000| Untracked |  0
|  11|0x0000000706800000, 0x0000000706800000, 0x0000000706a00000|  0%| F|  |TAMS 0x0000000706800000| PB 0x0000000706800000| Untracked |  0
|  12|0x0000000706a00000, 0x0000000706a00000, 0x0000000706c00000|  0%| F|  |TAMS 0x0000000706a00000| PB 0x0000000706a00000| Untracked |  0
|  13|0x0000000706c00000, 0x0000000706c00000, 0x0000000706e00000|  0%| F|  |TAMS 0x0000000706c00000| PB 0x0000000706c00000| Untracked |  0
|  14|0x0000000706e00000, 0x0000000706e00000, 0x0000000707000000|  0%| F|  |TAMS 0x0000000706e00000| PB 0x0000000706e00000| Untracked |  0
|  15|0x0000000707000000, 0x0000000707000000, 0x0000000707200000|  0%| F|  |TAMS 0x0000000707000000| PB 0x0000000707000000| Untracked |  0
|  16|0x0000000707200000, 0x0000000707200000, 0x0000000707400000|  0%| F|  |TAMS 0x0000000707200000| PB 0x0000000707200000| Untracked |  0
|  17|0x0000000707400000, 0x0000000707400000, 0x0000000707600000|  0%| F|  |TAMS 0x0000000707400000| PB 0x0000000707400000| Untracked |  0
|  18|0x0000000707600000, 0x0000000707600000, 0x0000000707800000|  0%| F|  |TAMS 0x0000000707600000| PB 0x0000000707600000| Untracked |  0
|  19|0x0000000707800000, 0x0000000707800000, 0x0000000707a00000|  0%| F|  |TAMS 0x0000000707800000| PB 0x0000000707800000| Untracked |  0
|  20|0x0000000707a00000, 0x0000000707a00000, 0x0000000707c00000|  0%| F|  |TAMS 0x0000000707a00000| PB 0x0000000707a00000| Untracked |  0
|  21|0x0000000707c00000, 0x0000000707c00000, 0x0000000707e00000|  0%| F|  |TAMS 0x0000000707c00000| PB 0x0000000707c00000| Untracked |  0
|  22|0x0000000707e00000, 0x0000000707e00000, 0x0000000708000000|  0%| F|  |TAMS 0x0000000707e00000| PB 0x0000000707e00000| Untracked |  0
|  23|0x0000000708000000, 0x0000000708000000, 0x0000000708200000|  0%| F|  |TAMS 0x0000000708000000| PB 0x0000000708000000| Untracked |  0
|  24|0x0000000708200000, 0x0000000708200000, 0x0000000708400000|  0%| F|  |TAMS 0x0000000708200000| PB 0x0000000708200000| Untracked |  0
|  25|0x0000000708400000, 0x0000000708400000, 0x0000000708600000|  0%| F|  |TAMS 0x0000000708400000| PB 0x0000000708400000| Untracked |  0
|  26|0x0000000708600000, 0x0000000708600000, 0x0000000708800000|  0%| F|  |TAMS 0x0000000708600000| PB 0x0000000708600000| Untracked |  0
|  27|0x0000000708800000, 0x0000000708800000, 0x0000000708a00000|  0%| F|  |TAMS 0x0000000708800000| PB 0x0000000708800000| Untracked |  0
|  28|0x0000000708a00000, 0x0000000708a00000, 0x0000000708c00000|  0%| F|  |TAMS 0x0000000708a00000| PB 0x0000000708a00000| Untracked |  0
|  29|0x0000000708c00000, 0x0000000708c00000, 0x0000000708e00000|  0%| F|  |TAMS 0x0000000708c00000| PB 0x0000000708c00000| Untracked |  0
|  30|0x0000000708e00000, 0x0000000708e00000, 0x0000000709000000|  0%| F|  |TAMS 0x0000000708e00000| PB 0x0000000708e00000| Untracked |  0
|  31|0x0000000709000000, 0x0000000709000000, 0x0000000709200000|  0%| F|  |TAMS 0x0000000709000000| PB 0x0000000709000000| Untracked |  0
|  32|0x0000000709200000, 0x0000000709200000, 0x0000000709400000|  0%| F|  |TAMS 0x0000000709200000| PB 0x0000000709200000| Untracked |  0
|  33|0x0000000709400000, 0x0000000709400000, 0x0000000709600000|  0%| F|  |TAMS 0x0000000709400000| PB 0x0000000709400000| Untracked |  0
|  34|0x0000000709600000, 0x0000000709600000, 0x0000000709800000|  0%| F|  |TAMS 0x0000000709600000| PB 0x0000000709600000| Untracked |  0
|  35|0x0000000709800000, 0x0000000709800000, 0x0000000709a00000|  0%| F|  |TAMS 0x0000000709800000| PB 0x0000000709800000| Untracked |  0
|  36|0x0000000709a00000, 0x0000000709a00000, 0x0000000709c00000|  0%| F|  |TAMS 0x0000000709a00000| PB 0x0000000709a00000| Untracked |  0
|  37|0x0000000709c00000, 0x0000000709c00000, 0x0000000709e00000|  0%| F|  |TAMS 0x0000000709c00000| PB 0x0000000709c00000| Untracked |  0
|  38|0x0000000709e00000, 0x0000000709e00000, 0x000000070a000000|  0%| F|  |TAMS 0x0000000709e00000| PB 0x0000000709e00000| Untracked |  0
|  39|0x000000070a000000, 0x000000070a000000, 0x000000070a200000|  0%| F|  |TAMS 0x000000070a000000| PB 0x000000070a000000| Untracked |  0
|  40|0x000000070a200000, 0x000000070a200000, 0x000000070a400000|  0%| F|  |TAMS 0x000000070a200000| PB 0x000000070a200000| Untracked |  0
|  41|0x000000070a400000, 0x000000070a400000, 0x000000070a600000|  0%| F|  |TAMS 0x000000070a400000| PB 0x000000070a400000| Untracked |  0
|  42|0x000000070a600000, 0x000000070a600000, 0x000000070a800000|  0%| F|  |TAMS 0x000000070a600000| PB 0x000000070a600000| Untracked |  0
|  43|0x000000070a800000, 0x000000070a800000, 0x000000070aa00000|  0%| F|  |TAMS 0x000000070a800000| PB 0x000000070a800000| Untracked |  0
|  44|0x000000070aa00000, 0x000000070aa00000, 0x000000070ac00000|  0%| F|  |TAMS 0x000000070aa00000| PB 0x000000070aa00000| Untracked |  0
|  45|0x000000070ac00000, 0x000000070ac00000, 0x000000070ae00000|  0%| F|  |TAMS 0x000000070ac00000| PB 0x000000070ac00000| Untracked |  0
|  46|0x000000070ae00000, 0x000000070ae00000, 0x000000070b000000|  0%| F|  |TAMS 0x000000070ae00000| PB 0x000000070ae00000| Untracked |  0
|  47|0x000000070b000000, 0x000000070b000000, 0x000000070b200000|  0%| F|  |TAMS 0x000000070b000000| PB 0x000000070b000000| Untracked |  0
|  48|0x000000070b200000, 0x000000070b200000, 0x000000070b400000|  0%| F|  |TAMS 0x000000070b200000| PB 0x000000070b200000| Untracked |  0
|  49|0x000000070b400000, 0x000000070b400000, 0x000000070b600000|  0%| F|  |TAMS 0x000000070b400000| PB 0x000000070b400000| Untracked |  0
|  50|0x000000070b600000, 0x000000070b600000, 0x000000070b800000|  0%| F|  |TAMS 0x000000070b600000| PB 0x000000070b600000| Untracked |  0
|  51|0x000000070b800000, 0x000000070b800000, 0x000000070ba00000|  0%| F|  |TAMS 0x000000070b800000| PB 0x000000070b800000| Untracked |  0
|  52|0x000000070ba00000, 0x000000070ba00000, 0x000000070bc00000|  0%| F|  |TAMS 0x000000070ba00000| PB 0x000000070ba00000| Untracked |  0
|  53|0x000000070bc00000, 0x000000070bc00000, 0x000000070be00000|  0%| F|  |TAMS 0x000000070bc00000| PB 0x000000070bc00000| Untracked |  0
|  54|0x000000070be00000, 0x000000070be00000, 0x000000070c000000|  0%| F|  |TAMS 0x000000070be00000| PB 0x000000070be00000| Untracked |  0
|  55|0x000000070c000000, 0x000000070c000000, 0x000000070c200000|  0%| F|  |TAMS 0x000000070c000000| PB 0x000000070c000000| Untracked |  0
|  56|0x000000070c200000, 0x000000070c200000, 0x000000070c400000|  0%| F|  |TAMS 0x000000070c200000| PB 0x000000070c200000| Untracked |  0
|  57|0x000000070c400000, 0x000000070c400000, 0x000000070c600000|  0%| F|  |TAMS 0x000000070c400000| PB 0x000000070c400000| Untracked |  0
|  58|0x000000070c600000, 0x000000070c600000, 0x000000070c800000|  0%| F|  |TAMS 0x000000070c600000| PB 0x000000070c600000| Untracked |  0
|  59|0x000000070c800000, 0x000000070c800000, 0x000000070ca00000|  0%| F|  |TAMS 0x000000070c800000| PB 0x000000070c800000| Untracked |  0
|  60|0x000000070ca00000, 0x000000070ca00000, 0x000000070cc00000|  0%| F|  |TAMS 0x000000070ca00000| PB 0x000000070ca00000| Untracked |  0
|  61|0x000000070cc00000, 0x000000070cc00000, 0x000000070ce00000|  0%| F|  |TAMS 0x000000070cc00000| PB 0x000000070cc00000| Untracked |  0
|  62|0x000000070ce00000, 0x000000070ce00000, 0x000000070d000000|  0%| F|  |TAMS 0x000000070ce00000| PB 0x000000070ce00000| Untracked |  0
|  63|0x000000070d000000, 0x000000070d000000, 0x000000070d200000|  0%| F|  |TAMS 0x000000070d000000| PB 0x000000070d000000| Untracked |  0
|  64|0x000000070d200000, 0x000000070d200000, 0x000000070d400000|  0%| F|  |TAMS 0x000000070d200000| PB 0x000000070d200000| Untracked |  0
|  65|0x000000070d400000, 0x000000070d400000, 0x000000070d600000|  0%| F|  |TAMS 0x000000070d400000| PB 0x000000070d400000| Untracked |  0
|  66|0x000000070d600000, 0x000000070d600000, 0x000000070d800000|  0%| F|  |TAMS 0x000000070d600000| PB 0x000000070d600000| Untracked |  0
|  67|0x000000070d800000, 0x000000070d800000, 0x000000070da00000|  0%| F|  |TAMS 0x000000070d800000| PB 0x000000070d800000| Untracked |  0
|  68|0x000000070da00000, 0x000000070da00000, 0x000000070dc00000|  0%| F|  |TAMS 0x000000070da00000| PB 0x000000070da00000| Untracked |  0
|  69|0x000000070dc00000, 0x000000070dc00000, 0x000000070de00000|  0%| F|  |TAMS 0x000000070dc00000| PB 0x000000070dc00000| Untracked |  0
|  70|0x000000070de00000, 0x000000070de00000, 0x000000070e000000|  0%| F|  |TAMS 0x000000070de00000| PB 0x000000070de00000| Untracked |  0
|  71|0x000000070e000000, 0x000000070e000000, 0x000000070e200000|  0%| F|  |TAMS 0x000000070e000000| PB 0x000000070e000000| Untracked |  0
|  72|0x000000070e200000, 0x000000070e200000, 0x000000070e400000|  0%| F|  |TAMS 0x000000070e200000| PB 0x000000070e200000| Untracked |  0
|  73|0x000000070e400000, 0x000000070e400000, 0x000000070e600000|  0%| F|  |TAMS 0x000000070e400000| PB 0x000000070e400000| Untracked |  0
|  74|0x000000070e600000, 0x000000070e600000, 0x000000070e800000|  0%| F|  |TAMS 0x000000070e600000| PB 0x000000070e600000| Untracked |  0
|  75|0x000000070e800000, 0x000000070e800000, 0x000000070ea00000|  0%| F|  |TAMS 0x000000070e800000| PB 0x000000070e800000| Untracked |  0
|  76|0x000000070ea00000, 0x000000070ea00000, 0x000000070ec00000|  0%| F|  |TAMS 0x000000070ea00000| PB 0x000000070ea00000| Untracked |  0
|  77|0x000000070ec00000, 0x000000070ec00000, 0x000000070ee00000|  0%| F|  |TAMS 0x000000070ec00000| PB 0x000000070ec00000| Untracked |  0
|  78|0x000000070ee00000, 0x000000070ee00000, 0x000000070f000000|  0%| F|  |TAMS 0x000000070ee00000| PB 0x000000070ee00000| Untracked |  0
|  79|0x000000070f000000, 0x000000070f000000, 0x000000070f200000|  0%| F|  |TAMS 0x000000070f000000| PB 0x000000070f000000| Untracked |  0
|  80|0x000000070f200000, 0x000000070f200000, 0x000000070f400000|  0%| F|  |TAMS 0x000000070f200000| PB 0x000000070f200000| Untracked |  0
|  81|0x000000070f400000, 0x000000070f400000, 0x000000070f600000|  0%| F|  |TAMS 0x000000070f400000| PB 0x000000070f400000| Untracked |  0
|  82|0x000000070f600000, 0x000000070f600000, 0x000000070f800000|  0%| F|  |TAMS 0x000000070f600000| PB 0x000000070f600000| Untracked |  0
|  83|0x000000070f800000, 0x000000070f800000, 0x000000070fa00000|  0%| F|  |TAMS 0x000000070f800000| PB 0x000000070f800000| Untracked |  0
|  84|0x000000070fa00000, 0x000000070fa00000, 0x000000070fc00000|  0%| F|  |TAMS 0x000000070fa00000| PB 0x000000070fa00000| Untracked |  0
|  85|0x000000070fc00000, 0x000000070fc00000, 0x000000070fe00000|  0%| F|  |TAMS 0x000000070fc00000| PB 0x000000070fc00000| Untracked |  0
|  86|0x000000070fe00000, 0x000000070fe00000, 0x0000000710000000|  0%| F|  |TAMS 0x000000070fe00000| PB 0x000000070fe00000| Untracked |  0
|  87|0x0000000710000000, 0x0000000710000000, 0x0000000710200000|  0%| F|  |TAMS 0x0000000710000000| PB 0x0000000710000000| Untracked |  0
|  88|0x0000000710200000, 0x0000000710200000, 0x0000000710400000|  0%| F|  |TAMS 0x0000000710200000| PB 0x0000000710200000| Untracked |  0
|  89|0x0000000710400000, 0x0000000710400000, 0x0000000710600000|  0%| F|  |TAMS 0x0000000710400000| PB 0x0000000710400000| Untracked |  0
|  90|0x0000000710600000, 0x0000000710600000, 0x0000000710800000|  0%| F|  |TAMS 0x0000000710600000| PB 0x0000000710600000| Untracked |  0
|  91|0x0000000710800000, 0x0000000710800000, 0x0000000710a00000|  0%| F|  |TAMS 0x0000000710800000| PB 0x0000000710800000| Untracked |  0
|  92|0x0000000710a00000, 0x0000000710a00000, 0x0000000710c00000|  0%| F|  |TAMS 0x0000000710a00000| PB 0x0000000710a00000| Untracked |  0
|  93|0x0000000710c00000, 0x0000000710c00000, 0x0000000710e00000|  0%| F|  |TAMS 0x0000000710c00000| PB 0x0000000710c00000| Untracked |  0
|  94|0x0000000710e00000, 0x0000000710e00000, 0x0000000711000000|  0%| F|  |TAMS 0x0000000710e00000| PB 0x0000000710e00000| Untracked |  0
|  95|0x0000000711000000, 0x0000000711000000, 0x0000000711200000|  0%| F|  |TAMS 0x0000000711000000| PB 0x0000000711000000| Untracked |  0
|  96|0x0000000711200000, 0x0000000711200000, 0x0000000711400000|  0%| F|  |TAMS 0x0000000711200000| PB 0x0000000711200000| Untracked |  0
|  97|0x0000000711400000, 0x0000000711400000, 0x0000000711600000|  0%| F|  |TAMS 0x0000000711400000| PB 0x0000000711400000| Untracked |  0
|  98|0x0000000711600000, 0x0000000711600000, 0x0000000711800000|  0%| F|  |TAMS 0x0000000711600000| PB 0x0000000711600000| Untracked |  0
|  99|0x0000000711800000, 0x0000000711800000, 0x0000000711a00000|  0%| F|  |TAMS 0x0000000711800000| PB 0x0000000711800000| Untracked |  0
| 100|0x0000000711a00000, 0x0000000711a00000, 0x0000000711c00000|  0%| F|  |TAMS 0x0000000711a00000| PB 0x0000000711a00000| Untracked |  0
| 101|0x0000000711c00000, 0x0000000711c00000, 0x0000000711e00000|  0%| F|  |TAMS 0x0000000711c00000| PB 0x0000000711c00000| Untracked |  0
| 102|0x0000000711e00000, 0x0000000711e00000, 0x0000000712000000|  0%| F|  |TAMS 0x0000000711e00000| PB 0x0000000711e00000| Untracked |  0
| 103|0x0000000712000000, 0x0000000712000000, 0x0000000712200000|  0%| F|  |TAMS 0x0000000712000000| PB 0x0000000712000000| Untracked |  0
| 104|0x0000000712200000, 0x0000000712200000, 0x0000000712400000|  0%| F|  |TAMS 0x0000000712200000| PB 0x0000000712200000| Untracked |  0
| 105|0x0000000712400000, 0x0000000712400000, 0x0000000712600000|  0%| F|  |TAMS 0x0000000712400000| PB 0x0000000712400000| Untracked |  0
| 106|0x0000000712600000, 0x0000000712600000, 0x0000000712800000|  0%| F|  |TAMS 0x0000000712600000| PB 0x0000000712600000| Untracked |  0
| 107|0x0000000712800000, 0x0000000712800000, 0x0000000712a00000|  0%| F|  |TAMS 0x0000000712800000| PB 0x0000000712800000| Untracked |  0
| 108|0x0000000712a00000, 0x0000000712a00000, 0x0000000712c00000|  0%| F|  |TAMS 0x0000000712a00000| PB 0x0000000712a00000| Untracked |  0
| 109|0x0000000712c00000, 0x0000000712deb890, 0x0000000712e00000| 96%| E|  |TAMS 0x0000000712c00000| PB 0x0000000712c00000| Complete |  0
| 110|0x0000000712e00000, 0x0000000713000000, 0x0000000713000000|100%| E|CS|TAMS 0x0000000712e00000| PB 0x0000000712e00000| Complete |  0
| 111|0x0000000713000000, 0x0000000713200000, 0x0000000713200000|100%| E|CS|TAMS 0x0000000713000000| PB 0x0000000713000000| Complete |  0
| 112|0x0000000713200000, 0x0000000713400000, 0x0000000713400000|100%| E|CS|TAMS 0x0000000713200000| PB 0x0000000713200000| Complete |  0
| 113|0x0000000713400000, 0x0000000713600000, 0x0000000713600000|100%| E|CS|TAMS 0x0000000713400000| PB 0x0000000713400000| Complete |  0
| 114|0x0000000713600000, 0x0000000713800000, 0x0000000713800000|100%| E|CS|TAMS 0x0000000713600000| PB 0x0000000713600000| Complete |  0
| 115|0x0000000713800000, 0x0000000713a00000, 0x0000000713a00000|100%| E|CS|TAMS 0x0000000713800000| PB 0x0000000713800000| Complete |  0
| 116|0x0000000713a00000, 0x0000000713c00000, 0x0000000713c00000|100%| E|CS|TAMS 0x0000000713a00000| PB 0x0000000713a00000| Complete |  0
| 117|0x0000000713c00000, 0x0000000713e00000, 0x0000000713e00000|100%| E|CS|TAMS 0x0000000713c00000| PB 0x0000000713c00000| Complete |  0
| 118|0x0000000713e00000, 0x0000000714000000, 0x0000000714000000|100%| E|CS|TAMS 0x0000000713e00000| PB 0x0000000713e00000| Complete |  0
| 119|0x0000000714000000, 0x0000000714200000, 0x0000000714200000|100%| E|CS|TAMS 0x0000000714000000| PB 0x0000000714000000| Complete |  0
| 120|0x0000000714200000, 0x0000000714400000, 0x0000000714400000|100%| E|CS|TAMS 0x0000000714200000| PB 0x0000000714200000| Complete |  0
| 121|0x0000000714400000, 0x0000000714600000, 0x0000000714600000|100%| E|CS|TAMS 0x0000000714400000| PB 0x0000000714400000| Complete |  0
| 122|0x0000000714600000, 0x0000000714800000, 0x0000000714800000|100%| E|CS|TAMS 0x0000000714600000| PB 0x0000000714600000| Complete |  0
| 123|0x0000000714800000, 0x0000000714a00000, 0x0000000714a00000|100%| E|CS|TAMS 0x0000000714800000| PB 0x0000000714800000| Complete |  0
| 124|0x0000000714a00000, 0x0000000714c00000, 0x0000000714c00000|100%| E|CS|TAMS 0x0000000714a00000| PB 0x0000000714a00000| Complete |  0
| 125|0x0000000714c00000, 0x0000000714e00000, 0x0000000714e00000|100%| E|CS|TAMS 0x0000000714c00000| PB 0x0000000714c00000| Complete |  0
|2006|0x00000007ffe00000, 0x00000007fff1c288, 0x0000000800000000| 55%| O|  |TAMS 0x00000007ffe00000| PB 0x00000007ffe00000| Untracked |  0

Card table byte_map: [0x000001ec40430000,0x000001ec40c10000] _byte_map_base: 0x000001ec3cc07000

Marking Bits: (CMBitMap*) 0x000001ec27843640
 Bits: [0x000001ec40c10000, 0x000001ec44ac8000)

Polling page: 0x000001ec25680000

Metaspace:

Usage:
  Non-class:      6.88 MB used.
      Class:    718.80 KB used.
       Both:      7.58 MB used.

Virtual space:
  Non-class space:       64.00 MB reserved,       7.00 MB ( 11%) committed,  1 nodes.
      Class space:        1.00 GB reserved,     832.00 KB ( <1%) committed,  1 nodes.
             Both:        1.06 GB reserved,       7.81 MB ( <1%) committed. 

Chunk freelists:
   Non-Class:  8.97 MB
       Class:  15.19 MB
        Both:  24.17 MB

MaxMetaspaceSize: unlimited
CompressedClassSpaceSize: 1.00 GB
Initial GC threshold: 21.00 MB
Current GC threshold: 21.00 MB
CDS: on
 - commit_granule_bytes: 65536.
 - commit_granule_words: 8192.
 - virtual_space_node_default_size: 8388608.
 - enlarge_chunks_in_place: 1.
UseCompressedClassPointers 1, UseCompactObjectHeaders 0
Narrow klass pointer bits 32, Max shift 3
Narrow klass base: 0x000001ec48000000, Narrow klass shift: 0
Encoding Range: [0x000001ec48000000 - 0x000001ed48000000), (4294967296 bytes)
Klass Range:    [0x000001ec48000000 - 0x000001ec89000000), (1090519040 bytes)
Klass ID Range:  [8 - 1090519033) (1090519025)


Internal statistics:

num_allocs_failed_limit: 0.
num_arena_births: 192.
num_arena_deaths: 0.
num_vsnodes_births: 2.
num_vsnodes_deaths: 0.
num_space_committed: 125.
num_space_uncommitted: 0.
num_chunks_returned_to_freelist: 0.
num_chunks_taken_from_freelist: 265.
num_chunk_merges: 0.
num_chunk_splits: 147.
num_chunks_enlarged: 41.
num_inconsistent_stats: 0.

CodeHeap 'non-profiled nmethods': size=119232Kb used=664Kb max_used=664Kb free=118567Kb
 bounds [0x000001ec37c10000, 0x000001ec37e80000, 0x000001ec3f080000]
CodeHeap 'profiled nmethods': size=119104Kb used=3072Kb max_used=3072Kb free=116031Kb
 bounds [0x000001ec30080000, 0x000001ec30390000, 0x000001ec374d0000]
CodeHeap 'non-nmethods': size=7424Kb used=3028Kb max_used=3170Kb free=4395Kb
 bounds [0x000001ec374d0000, 0x000001ec377f0000, 0x000001ec37c10000]
CodeCache: size=245760Kb, used=6764Kb, max_used=6906Kb, free=238993Kb
 total_blobs=2568, nmethods=2062, adapters=408, full_count=0
Compilation: enabled, stopped_count=0, restarted_count=0

Compilation events (20 events):
Event: 3.757 Thread 0x000001ec8d031c30 nmethod 2042 0x000001ec37ca5d88 code [0x000001ec37ca5e80, 0x000001ec37ca5f48]
Event: 3.757 Thread 0x000001ec905d5bd0 2047       1       jdk.jfr.internal.PlatformEventType::isEnabled (5 bytes)
Event: 3.757 Thread 0x000001ec8e56dbb0 nmethod 2044 0x000001ec37ca6088 code [0x000001ec37ca6180, 0x000001ec37ca6248]
Event: 3.757 Thread 0x000001ec8d031c30 2045       1       jdk.jfr.internal.EventControl::getSettingsId (5 bytes)
Event: 3.757 Thread 0x000001ec905d5bd0 nmethod 2047 0x000001ec37ca6388 code [0x000001ec37ca6480, 0x000001ec37ca6548]
Event: 3.757 Thread 0x000001ec8e56dbb0 2046       1       jdk.jfr.internal.EventControl::getNamedControls (5 bytes)
Event: 3.757 Thread 0x000001ec8d031c30 nmethod 2045 0x000001ec37ca6688 code [0x000001ec37ca6780, 0x000001ec37ca6848]
Event: 3.758 Thread 0x000001ec8e56dbb0 nmethod 2046 0x000001ec37ca6988 code [0x000001ec37ca6a80, 0x000001ec37ca6b48]
Event: 3.758 Thread 0x000001ec8e56eb50 nmethod 2048 0x000001ec3037b288 code [0x000001ec3037b520, 0x000001ec3037c978]
Event: 3.760 Thread 0x000001ec8e56eb50 2049       1       jdk.jfr.internal.periodic.EventTask::getEventType (5 bytes)
Event: 3.760 Thread 0x000001ec8e56eb50 nmethod 2049 0x000001ec37ca6c88 code [0x000001ec37ca6d80, 0x000001ec37ca6e48]
Event: 3.760 Thread 0x000001ec8d031c30 2051       3       java.util.Comparator$$Lambda/0x000001ec490a0380::compare (10 bytes)
Event: 3.760 Thread 0x000001ec8e56eb50 2052       3       java.util.Comparator::lambda$comparingLong$6043328a$1 (18 bytes)
Event: 3.760 Thread 0x000001ec8d031c30 nmethod 2051 0x000001ec3037ca08 code [0x000001ec3037cb60, 0x000001ec3037cfd8]
Event: 3.760 Thread 0x000001ec8e56eb50 nmethod 2052 0x000001ec3037d008 code [0x000001ec3037d160, 0x000001ec3037d540]
Event: 3.760 Thread 0x000001ec905d5bd0 2050       1       jdk.jfr.internal.periodic.PeriodicTask::getPeriod (5 bytes)
Event: 3.760 Thread 0x000001ec905d5bd0 nmethod 2050 0x000001ec37ca6f88 code [0x000001ec37ca7080, 0x000001ec37ca7148]
Event: 3.762 Thread 0x000001ec8e5b9800 nmethod 2034 0x000001ec37ca7288 code [0x000001ec37ca73a0, 0x000001ec37ca78a0]
Event: 3.762 Thread 0x000001ec8e451f30 nmethod 2018 0x000001ec37ca7908 code [0x000001ec37ca7ba0, 0x000001ec37ca9778]
Event: 3.763 Thread 0x000001ec47ca7770 nmethod 2004 0x000001ec37ca9888 code [0x000001ec37ca9ae0, 0x000001ec37caa728]

GC Heap History (0 events):
No events

Dll operation events (12 events):
Event: 0.009 Loaded shared library C:\Users\rcris\.jdks\openjdk-24.0.1\bin\java.dll
Event: 0.035 Loaded shared library C:\Users\rcris\.jdks\openjdk-24.0.1\bin\jsvml.dll
Event: 0.064 Loaded shared library C:\Users\rcris\.jdks\openjdk-24.0.1\bin\zip.dll
Event: 0.066 Loaded shared library C:\Users\rcris\.jdks\openjdk-24.0.1\bin\instrument.dll
Event: 0.070 Loaded shared library C:\Users\rcris\.jdks\openjdk-24.0.1\bin\net.dll
Event: 0.071 Loaded shared library C:\Users\rcris\.jdks\openjdk-24.0.1\bin\nio.dll
Event: 0.073 Loaded shared library C:\Users\rcris\.jdks\openjdk-24.0.1\bin\zip.dll
Event: 0.094 Loaded shared library C:\Users\rcris\.jdks\openjdk-24.0.1\bin\extnet.dll
Event: 0.127 Loaded shared library C:\Users\rcris\.jdks\openjdk-24.0.1\bin\jimage.dll
Event: 0.155 Loaded shared library C:\Users\rcris\.jdks\openjdk-24.0.1\bin\management.dll
Event: 0.161 Loaded shared library C:\Users\rcris\.jdks\openjdk-24.0.1\bin\management_ext.dll
Event: 3.571 Loaded shared library C:\Users\rcris\AppData\Local\Temp\idea_libasyncProfiler_dll_temp_folder\libasyncProfiler.dll

Deoptimization events (20 events):
Event: 3.694 Thread 0x000001ec47c9b680 Uncommon trap: trap_request=0xffffff4d fr.pc=0x000001ec37c936a8 relative=0x0000000000000268
Event: 3.695 Thread 0x000001ec47c9b680 Uncommon trap: reason=unstable_if action=reinterpret pc=0x000001ec37c936a8 method=java.util.concurrent.ConcurrentHashMap.get(Ljava/lang/Object;)Ljava/lang/Object; @ 76 c2
Event: 3.695 Thread 0x000001ec47c9b680 DEOPT PACKING pc=0x000001ec37c936a8 sp=0x000000c548efdfe0
Event: 3.695 Thread 0x000001ec47c9b680 DEOPT UNPACKING pc=0x000001ec375e5c02 sp=0x000000c548efdf58 mode 2
Event: 3.696 Thread 0x000001ec47c9b680 Uncommon trap: trap_request=0xffffffde fr.pc=0x000001ec37c90290 relative=0x0000000000000070
Event: 3.696 Thread 0x000001ec47c9b680 Uncommon trap: reason=class_check action=maybe_recompile pc=0x000001ec37c90290 method=jdk.jfr.FlightRecorderPermission$InternalAccess.getType(Ljava/lang/Object;)Ljdk/jfr/internal/Type; @ 18 c2
Event: 3.696 Thread 0x000001ec47c9b680 DEOPT PACKING pc=0x000001ec37c90290 sp=0x000000c548efe2c0
Event: 3.696 Thread 0x000001ec47c9b680 DEOPT UNPACKING pc=0x000001ec375e5c02 sp=0x000000c548efe258 mode 2
Event: 3.705 Thread 0x000001ec47c9b680 Uncommon trap: trap_request=0xffffffcc fr.pc=0x000001ec37c9657c relative=0x00000000000003bc
Event: 3.706 Thread 0x000001ec47c9b680 Uncommon trap: reason=intrinsic_or_type_checked_inlining action=make_not_entrant pc=0x000001ec37c9657c method=java.util.Arrays.copyOf([Ljava/lang/Object;ILjava/lang/Class;)[Ljava/lang/Object; @ 35 c2
Event: 3.706 Thread 0x000001ec47c9b680 DEOPT PACKING pc=0x000001ec37c9657c sp=0x000000c548efe140
Event: 3.706 Thread 0x000001ec47c9b680 DEOPT UNPACKING pc=0x000001ec375e5c02 sp=0x000000c548efe0d0 mode 2
Event: 3.746 Thread 0x000001ec47c9b680 Uncommon trap: trap_request=0xffffff4d fr.pc=0x000001ec37ca0e2c relative=0x000000000000020c
Event: 3.747 Thread 0x000001ec47c9b680 Uncommon trap: reason=unstable_if action=reinterpret pc=0x000001ec37ca0e2c method=java.io.ByteArrayOutputStream.ensureCapacity(I)V @ 11 c2
Event: 3.747 Thread 0x000001ec47c9b680 DEOPT PACKING pc=0x000001ec37ca0e2c sp=0x000000c548efe450
Event: 3.747 Thread 0x000001ec47c9b680 DEOPT UNPACKING pc=0x000001ec375e5c02 sp=0x000000c548efe388 mode 2
Event: 3.749 Thread 0x000001ec47c9b680 Uncommon trap: trap_request=0xffffff4d fr.pc=0x000001ec37ca2270 relative=0x00000000000003d0
Event: 3.749 Thread 0x000001ec47c9b680 Uncommon trap: reason=unstable_if action=reinterpret pc=0x000001ec37ca2270 method=java.io.ByteArrayOutputStream.ensureCapacity(I)V @ 11 c2
Event: 3.750 Thread 0x000001ec47c9b680 DEOPT PACKING pc=0x000001ec37ca2270 sp=0x000000c548efe3b0
Event: 3.750 Thread 0x000001ec47c9b680 DEOPT UNPACKING pc=0x000001ec375e5c02 sp=0x000000c548efe290 mode 2

Classes loaded (20 events):
Event: 3.737 Loading class jdk/jfr/internal/MetadataWriter
Event: 3.737 Loading class jdk/jfr/internal/MetadataWriter done
Event: 3.737 Loading class jdk/jfr/internal/MetadataDescriptor$Element
Event: 3.737 Loading class jdk/jfr/internal/MetadataDescriptor$Element done
Event: 3.738 Loading class jdk/jfr/internal/MetadataDescriptor$Attribute
Event: 3.738 Loading class jdk/jfr/internal/MetadataDescriptor$Attribute done
Event: 3.743 Loading class jdk/jfr/internal/consumer/StringParser$Encoding
Event: 3.743 Loading class jdk/jfr/internal/consumer/StringParser$Encoding done
Event: 3.751 Loading class jdk/jfr/internal/consumer/RepositoryFiles
Event: 3.752 Loading class jdk/jfr/internal/consumer/RepositoryFiles done
Event: 3.753 Loading class jdk/jfr/internal/SettingsManager$InternalSetting
Event: 3.753 Loading class jdk/jfr/internal/SettingsManager$InternalSetting done
Event: 3.755 Loading class jdk/jfr/internal/util/Rate
Event: 3.755 Loading class jdk/jfr/internal/util/Rate done
Event: 3.755 Loading class jdk/jfr/internal/util/TimespanUnit
Event: 3.755 Loading class jdk/jfr/internal/util/TimespanUnit done
Event: 3.755 Loading class jdk/jfr/internal/util/ValueParser
Event: 3.755 Loading class jdk/jfr/internal/util/ValueParser done
Event: 3.757 Loading class jdk/jfr/internal/periodic/PeriodicType
Event: 3.757 Loading class jdk/jfr/internal/periodic/PeriodicType done

Classes unloaded (0 events):
No events

Classes redefined (0 events):
No events

Internal exceptions (20 events):
Event: 0.399 Thread 0x000001ec8da01da0 Exception <a 'java/lang/NoSuchMethodError'{0x0000000713b352f8}: 'java.lang.Object java.lang.invoke.DirectMethodHandle$Holder.invokeStatic(java.lang.Object, java.lang.Object, java.lang.Object, java.lang.Object, java.lang.Object, java.lang.Object, java.lang.Object, java.lang.Object, java.lang.Object)'> (0x0000000713b352f8) 
thrown [s\open\src\hotspot\share\interpreter\linkResolver.cpp, line 805]
Event: 0.400 Thread 0x000001ec8da01da0 Exception <a 'java/lang/NoSuchMethodError'{0x0000000713b487a8}: 'java.lang.Object java.lang.invoke.Invokers$Holder.invokeExact_MT(java.lang.Object, java.lang.Object, java.lang.Object, java.lang.Object, java.lang.Object, java.lang.Object)'> (0x0000000713b487a8) 
thrown [s\open\src\hotspot\share\interpreter\linkResolver.cpp, line 805]
Event: 0.403 Thread 0x000001ec8da01da0 Exception <a 'java/lang/NoSuchMethodError'{0x0000000713b544e8}: 'java.lang.Object java.lang.invoke.DirectMethodHandle$Holder.invokeInterface(java.lang.Object, java.lang.Object, java.lang.Object, java.lang.Object, java.lang.Object)'> (0x0000000713b544e8) 
thrown [s\open\src\hotspot\share\interpreter\linkResolver.cpp, line 805]
Event: 0.408 Thread 0x000001ec8da01da0 Exception <a 'java/lang/NoSuchMethodError'{0x0000000713b9eef0}: 'double java.lang.invoke.DirectMethodHandle$Holder.invokeInterface(java.lang.Object, java.lang.Object)'> (0x0000000713b9eef0) 
thrown [s\open\src\hotspot\share\interpreter\linkResolver.cpp, line 805]
Event: 0.409 Thread 0x000001ec8da01da0 Exception <a 'java/lang/NoSuchMethodError'{0x0000000713bafb60}: 'double java.lang.invoke.DelegatingMethodHandle$Holder.reinvoke_L(java.lang.Object, java.lang.Object)'> (0x0000000713bafb60) 
thrown [s\open\src\hotspot\share\interpreter\linkResolver.cpp, line 805]
Event: 0.709 Thread 0x000001ec8da01da0 Exception <a 'java/lang/NoSuchMethodError'{0x0000000713bd7708}: 'long java.lang.invoke.DirectMethodHandle$Holder.invokeVirtual(java.lang.Object, java.lang.Object)'> (0x0000000713bd7708) 
thrown [s\open\src\hotspot\share\interpreter\linkResolver.cpp, line 805]
Event: 0.709 Thread 0x000001ec8da01da0 Exception <a 'java/lang/NoSuchMethodError'{0x0000000713bdf9f8}: 'java.lang.Object java.lang.invoke.DirectMethodHandle$Holder.invokeStatic(java.lang.Object, long)'> (0x0000000713bdf9f8) 
thrown [s\open\src\hotspot\share\interpreter\linkResolver.cpp, line 805]
Event: 0.710 Thread 0x000001ec8da01da0 Exception <a 'java/lang/NoSuchMethodError'{0x0000000713befaa0}: 'long java.lang.invoke.DelegatingMethodHandle$Holder.reinvoke_L(java.lang.Object, java.lang.Object)'> (0x0000000713befaa0) 
thrown [s\open\src\hotspot\share\interpreter\linkResolver.cpp, line 805]
Event: 3.598 Thread 0x000001ec47c9b680 Exception <a 'java/lang/NoSuchMethodError'{0x000000071392f4e0}: 'java.lang.Object java.lang.invoke.DirectMethodHandle$Holder.invokeStatic(java.lang.Object, int, java.lang.Object)'> (0x000000071392f4e0) 
thrown [s\open\src\hotspot\share\interpreter\linkResolver.cpp, line 805]
Event: 3.601 Thread 0x000001ec47c9b680 Implicit null exception at 0x000001ec37c48eb9 to 0x000001ec37c498d8
Event: 3.609 Thread 0x000001ec47c9b680 Exception <a 'java/lang/NoSuchMethodError'{0x000000071397e658}: 'void java.lang.invoke.DirectMethodHandle$Holder.invokeStaticInit(java.lang.Object)'> (0x000000071397e658) 
thrown [s\open\src\hotspot\share\interpreter\linkResolver.cpp, line 805]
Event: 3.614 Thread 0x000001ec47c9b680 Exception <a 'java/lang/NoSuchMethodError'{0x00000007139dcc40}: 'java.lang.Object java.lang.invoke.DirectMethodHandle$Holder.newInvokeSpecial(java.lang.Object, java.lang.Object, java.lang.Object, java.lang.Object, java.lang.Object)'> (0x00000007139dcc40) 
thrown [s\open\src\hotspot\share\interpreter\linkResolver.cpp, line 805]
Event: 3.645 Thread 0x000001ec47c9b680 Exception <a 'java/lang/NoSuchMethodError'{0x000000071377b508}: 'int java.lang.invoke.DirectMethodHandle$Holder.invokeStatic(java.lang.Object, java.lang.Object, java.lang.Object, java.lang.Object)'> (0x000000071377b508) 
thrown [s\open\src\hotspot\share\interpreter\linkResolver.cpp, line 805]
Event: 3.726 Thread 0x000001ec47c9b680 Exception <a 'java/lang/NoSuchMethodError'{0x000000071308dc20}: 'void java.lang.invoke.DirectMethodHandle$Holder.invokeSpecial(java.lang.Object, java.lang.Object, int)'> (0x000000071308dc20) 
thrown [s\open\src\hotspot\share\interpreter\linkResolver.cpp, line 805]
Event: 3.726 Thread 0x000001ec47c9b680 Exception <a 'java/lang/NoSuchMethodError'{0x0000000713095840}: 'void java.lang.invoke.Invokers$Holder.invokeExact_MT(java.lang.Object, int, java.lang.Object)'> (0x0000000713095840) 
thrown [s\open\src\hotspot\share\interpreter\linkResolver.cpp, line 805]
Event: 3.728 Thread 0x000001ec47c9b680 Exception <a 'java/lang/NoSuchMethodError'{0x00000007130b0020}: 'void java.lang.invoke.DirectMethodHandle$Holder.invokeStatic(java.lang.Object, java.lang.Object, int)'> (0x00000007130b0020) 
thrown [s\open\src\hotspot\share\interpreter\linkResolver.cpp, line 805]
Event: 3.728 Thread 0x000001ec47c9b680 Exception <a 'java/lang/NoSuchMethodError'{0x00000007130bef28}: 'java.lang.Object java.lang.invoke.DirectMethodHandle$Holder.newInvokeSpecial(java.lang.Object, java.lang.Object, int)'> (0x00000007130bef28) 
thrown [s\open\src\hotspot\share\interpreter\linkResolver.cpp, line 805]
Event: 3.731 Thread 0x000001ec47c9b680 Exception <a 'sun/nio/fs/WindowsException'{0x00000007130f3208}> (0x00000007130f3208) 
thrown [s\open\src\hotspot\share\prims\jni.cpp, line 518]
Event: 3.733 Thread 0x000001ec47c9b680 Exception <a 'sun/nio/fs/WindowsException'{0x0000000712e0c398}> (0x0000000712e0c398) 
thrown [s\open\src\hotspot\share\prims\jni.cpp, line 518]
Event: 3.735 Thread 0x000001ec47c9b680 Exception <a 'sun/nio/fs/WindowsException'{0x0000000712e1e158}> (0x0000000712e1e158) 
thrown [s\open\src\hotspot\share\prims\jni.cpp, line 518]

VM Operations (12 events):
Event: 0.132 Executing VM operation: HandshakeAllThreads (Deoptimize)
Event: 0.132 Executing VM operation: HandshakeAllThreads (Deoptimize) done
Event: 0.305 Executing VM operation: HandshakeAllThreads (Deoptimize)
Event: 0.305 Executing VM operation: HandshakeAllThreads (Deoptimize) done
Event: 0.351 Executing VM operation: HandshakeAllThreads (Deoptimize)
Event: 0.351 Executing VM operation: HandshakeAllThreads (Deoptimize) done
Event: 0.383 Executing VM operation: HandshakeAllThreads (Deoptimize)
Event: 0.383 Executing VM operation: HandshakeAllThreads (Deoptimize) done
Event: 3.730 Executing VM operation: HandshakeAllThreads (Deoptimize)
Event: 3.730 Executing VM operation: HandshakeAllThreads (Deoptimize) done
Event: 3.752 Executing VM operation: JFRSafepointClear
Event: 3.752 Executing VM operation: JFRSafepointClear done

Memory protections (0 events):
No events

Nmethod flushes (0 events):
No events

Events (20 events):
Event: 0.357 Thread 0x000001ec47c9b680 Thread added: 0x000001ec8dbe3ac0
Event: 0.368 Thread 0x000001ec8dbe3ac0 Thread added: 0x000001ec8da01da0
Event: 0.378 Thread 0x000001ec8da01da0 Thread added: 0x000001ec8da59a20
Event: 0.382 Thread 0x000001ec8da01da0 Thread added: 0x000001ec8da5c990
Event: 0.708 Thread 0x000001ec8da08260 Thread exited: 0x000001ec8da08260
Event: 0.708 Thread 0x000001ec8d1c6390 Thread exited: 0x000001ec8d1c6390
Event: 0.708 Thread 0x000001ec8da7de80 Thread exited: 0x000001ec8da7de80
Event: 0.710 Thread 0x000001ec8d1c3bf0 Thread exited: 0x000001ec8d1c3bf0
Event: 1.773 Thread 0x000001ec8d157f30 Thread exited: 0x000001ec8d157f30
Event: 1.773 Thread 0x000001ec8d155790 Thread exited: 0x000001ec8d155790
Event: 1.773 Thread 0x000001ec8d12d3c0 Thread exited: 0x000001ec8d12d3c0
Event: 3.584 Thread 0x000001ec8d031c30 Thread added: 0x000001ec8e4517a0
Event: 3.584 Thread 0x000001ec8d031c30 Thread added: 0x000001ec8e451f30
Event: 3.599 Thread 0x000001ec8d031c30 Thread added: 0x000001ec8e56dbb0
Event: 3.599 Thread 0x000001ec8d031c30 Thread added: 0x000001ec8e56eb50
Event: 3.607 Thread 0x000001ec47c9b680 Thread added: 0x000001ec8e5a1f50
Event: 3.616 Thread 0x000001ec8d031c30 Thread added: 0x000001ec905d5bd0
Event: 3.652 Thread 0x000001ec8d031c30 Thread added: 0x000001ec8e5b9800
Event: 3.654 Thread 0x000001ec8d031c30 Thread added: 0x000001ec8e5bafa0
Event: 3.729 Thread 0x000001ec47c9b680 Thread added: 0x000001ec905b7090


Dynamic libraries:
0x00007ff77a440000 - 0x00007ff77a44e000 	C:\Users\rcris\.jdks\openjdk-24.0.1\bin\java.exe
0x00007ff8195e0000 - 0x00007ff819846000 	C:\WINDOWS\SYSTEM32\ntdll.dll
0x00007ff819320000 - 0x00007ff8193e9000 	C:\WINDOWS\System32\KERNEL32.DLL
0x00007ff816a40000 - 0x00007ff816e0c000 	C:\WINDOWS\System32\KERNELBASE.dll
0x00007ff8168c0000 - 0x00007ff816a0b000 	C:\WINDOWS\System32\ucrtbase.dll
0x00007ff810410000 - 0x00007ff81042b000 	C:\Users\rcris\.jdks\openjdk-24.0.1\bin\VCRUNTIME140.dll
0x00007ff810430000 - 0x00007ff810446000 	C:\Users\rcris\.jdks\openjdk-24.0.1\bin\jli.dll
0x00007ff818e80000 - 0x00007ff81904a000 	C:\WINDOWS\System32\USER32.dll
0x00007ffffad10000 - 0x00007ffffafaa000 	C:\WINDOWS\WinSxS\amd64_microsoft.windows.common-controls_6595b64144ccf1df_6.0.26100.3912_none_3e07963ce335137e\COMCTL32.dll
0x00007ff816a10000 - 0x00007ff816a37000 	C:\WINDOWS\System32\win32u.dll
0x00007ff819050000 - 0x00007ff8190f9000 	C:\WINDOWS\System32\msvcrt.dll
0x00007ff8185c0000 - 0x00007ff8185eb000 	C:\WINDOWS\System32\GDI32.dll
0x00007ff8171d0000 - 0x00007ff817302000 	C:\WINDOWS\System32\gdi32full.dll
0x00007ff816770000 - 0x00007ff816813000 	C:\WINDOWS\System32\msvcp_win.dll
0x00007ff8185f0000 - 0x00007ff818620000 	C:\WINDOWS\System32\IMM32.DLL
0x00007ff80ffd0000 - 0x00007ff80ffdc000 	C:\Users\rcris\.jdks\openjdk-24.0.1\bin\vcruntime140_1.dll
0x00007ff803c50000 - 0x00007ff803cde000 	C:\Users\rcris\.jdks\openjdk-24.0.1\bin\msvcp140.dll
0x00007fff8f720000 - 0x00007fff904c2000 	C:\Users\rcris\.jdks\openjdk-24.0.1\bin\server\jvm.dll
0x00007ff817c10000 - 0x00007ff817cc2000 	C:\WINDOWS\System32\ADVAPI32.dll
0x00007ff818d50000 - 0x00007ff818df6000 	C:\WINDOWS\System32\sechost.dll
0x00007ff819100000 - 0x00007ff819216000 	C:\WINDOWS\System32\RPCRT4.dll
0x00007ff8193f0000 - 0x00007ff819464000 	C:\WINDOWS\System32\WS2_32.dll
0x00007ff8153a0000 - 0x00007ff8153fe000 	C:\WINDOWS\SYSTEM32\POWRPROF.dll
0x00007ff804f70000 - 0x00007ff804f7b000 	C:\WINDOWS\SYSTEM32\VERSION.dll
0x00007ff813040000 - 0x00007ff813076000 	C:\WINDOWS\SYSTEM32\WINMM.dll
0x00007ff815380000 - 0x00007ff815394000 	C:\WINDOWS\SYSTEM32\UMPDC.dll
0x00007ff815650000 - 0x00007ff81566a000 	C:\WINDOWS\SYSTEM32\kernel.appcore.dll
0x00007ff80ffc0000 - 0x00007ff80ffca000 	C:\Users\rcris\.jdks\openjdk-24.0.1\bin\jimage.dll
0x00007ff813e40000 - 0x00007ff814081000 	C:\WINDOWS\SYSTEM32\DBGHELP.DLL
0x00007ff817f30000 - 0x00007ff8182b4000 	C:\WINDOWS\System32\combase.dll
0x00007ff817cd0000 - 0x00007ff817db0000 	C:\WINDOWS\System32\OLEAUT32.dll
0x00007ff813000000 - 0x00007ff813039000 	C:\WINDOWS\SYSTEM32\dbgcore.DLL
0x00007ff816820000 - 0x00007ff8168b9000 	C:\WINDOWS\System32\bcryptPrimitives.dll
0x00007ff80ffb0000 - 0x00007ff80ffbf000 	C:\Users\rcris\.jdks\openjdk-24.0.1\bin\instrument.dll
0x00007ff804870000 - 0x00007ff80488e000 	C:\Users\rcris\.jdks\openjdk-24.0.1\bin\java.dll
0x00007ff818ba0000 - 0x00007ff818d3f000 	C:\WINDOWS\System32\ole32.dll
0x00007ff8174e0000 - 0x00007ff817c0d000 	C:\WINDOWS\System32\SHELL32.dll
0x00007ff816f90000 - 0x00007ff817104000 	C:\WINDOWS\System32\wintypes.dll
0x00007ff814400000 - 0x00007ff814c56000 	C:\WINDOWS\SYSTEM32\windows.storage.dll
0x00007ff819220000 - 0x00007ff81930f000 	C:\WINDOWS\System32\SHCORE.dll
0x00007ff818e00000 - 0x00007ff818e69000 	C:\WINDOWS\System32\shlwapi.dll
0x00007ff816680000 - 0x00007ff8166af000 	C:\WINDOWS\SYSTEM32\profapi.dll
0x00007ff801eb0000 - 0x00007ff801f87000 	C:\Users\rcris\.jdks\openjdk-24.0.1\bin\jsvml.dll
0x00007ff803e30000 - 0x00007ff803e47000 	C:\Users\rcris\.jdks\openjdk-24.0.1\bin\zip.dll
0x00007ff80f760000 - 0x00007ff80f770000 	C:\Users\rcris\.jdks\openjdk-24.0.1\bin\net.dll
0x00007ff815bc0000 - 0x00007ff815c2a000 	C:\WINDOWS\system32\mswsock.dll
0x00007ff803df0000 - 0x00007ff803e06000 	C:\Users\rcris\.jdks\openjdk-24.0.1\bin\nio.dll
0x00007ff803de0000 - 0x00007ff803de9000 	C:\Users\rcris\.jdks\openjdk-24.0.1\bin\extnet.dll
0x00007ff8150d0000 - 0x00007ff8151f7000 	C:\WINDOWS\SYSTEM32\DNSAPI.dll
0x00007ff815030000 - 0x00007ff815063000 	C:\WINDOWS\SYSTEM32\IPHLPAPI.DLL
0x00007ff818e70000 - 0x00007ff818e7a000 	C:\WINDOWS\System32\NSI.dll
0x00007ff80fde0000 - 0x00007ff80fdeb000 	C:\Windows\System32\rasadhlp.dll
0x00007ff80fac0000 - 0x00007ff80fb46000 	C:\WINDOWS\System32\fwpuclnt.dll
0x00007ff803dd0000 - 0x00007ff803dda000 	C:\Users\rcris\.jdks\openjdk-24.0.1\bin\management.dll
0x00007ff803d80000 - 0x00007ff803d8b000 	C:\Users\rcris\.jdks\openjdk-24.0.1\bin\management_ext.dll
0x00007ff819490000 - 0x00007ff819498000 	C:\WINDOWS\System32\PSAPI.DLL
0x00007ff815e60000 - 0x00007ff815e7c000 	C:\WINDOWS\SYSTEM32\CRYPTSP.dll
0x00007ff8155b0000 - 0x00007ff8155ea000 	C:\WINDOWS\system32\rsaenh.dll
0x00007ff815c60000 - 0x00007ff815c8b000 	C:\WINDOWS\SYSTEM32\USERENV.dll
0x00007ff816650000 - 0x00007ff816676000 	C:\WINDOWS\SYSTEM32\bcrypt.dll
0x00007ff815e80000 - 0x00007ff815e8c000 	C:\WINDOWS\SYSTEM32\CRYPTBASE.dll
0x00007fffe8b00000 - 0x00007fffe8b18000 	C:\WINDOWS\system32\napinsp.dll
0x00007fffe8a30000 - 0x00007fffe8a42000 	C:\WINDOWS\System32\winrnr.dll
0x00007fffe8ac0000 - 0x00007fffe8af0000 	C:\WINDOWS\system32\nlansp_c.dll
0x00007ff807290000 - 0x00007ff8072b0000 	C:\WINDOWS\system32\wshbth.dll
0x00007ffff4840000 - 0x00007ffff488e000 	C:\WINDOWS\SYSTEM32\pdh.dll
0x00007ff8036c0000 - 0x00007ff8036d2000 	C:\WINDOWS\System32\perfproc.dll
0x00007fffdd0e0000 - 0x00007fffdd0f1000 	C:\WINDOWS\System32\perfos.dll
0x00007ff814c80000 - 0x00007ff814c92000 	C:\WINDOWS\SYSTEM32\pfclient.dll
0x00007fffce7d0000 - 0x00007fffce9c8000 	C:\Users\rcris\AppData\Local\Temp\idea_libasyncProfiler_dll_temp_folder\libasyncProfiler.dll

JVMTI agents:
C:\Program Files\JetBrains\IntelliJ IDEA 2024.3.2.2\lib\idea_rt.jar path:C:\Users\rcris\.jdks\openjdk-24.0.1\bin\instrument.dll, loaded, initialized, instrumentlib options:52740

dbghelp: loaded successfully - version: 4.0.5 - missing functions: none
symbol engine: initialized successfully - sym options: 0x614 - pdb path: .;C:\Users\rcris\.jdks\openjdk-24.0.1\bin;C:\WINDOWS\SYSTEM32;C:\WINDOWS\WinSxS\amd64_microsoft.windows.common-controls_6595b64144ccf1df_6.0.26100.3912_none_3e07963ce335137e;C:\Users\rcris\.jdks\openjdk-24.0.1\bin\server;C:\Users\rcris\AppData\Local\Temp\idea_libasyncProfiler_dll_temp_folder

VM Arguments:
jvm_args: -javaagent:C:\Program Files\JetBrains\IntelliJ IDEA 2024.3.2.2\lib\idea_rt.jar=52740 -Dfile.encoding=UTF-8 -Dsun.stdout.encoding=UTF-8 -Dsun.stderr.encoding=UTF-8 
java_command: Main
java_class_path (initial): C:\Users\rcris\Desktop\LEI\2ANO\PP\TP\Trabalho\PP_TP_2025\out\production\PP_TP;C:\Users\rcris\Downloads\json-simple-1.1.1.jar;C:\Users\rcris\Desktop\LEI\2ANO\PP\TP\Trabalho\PP_TP_2025\Recursos-20250430\lib\apicontracts-1.0-SNAPSHOT.jar
Launcher Type: SUN_STANDARD

[Global flags]
     intx CICompilerCount                          = 12                                        {product} {ergonomic}
     uint ConcGCThreads                            = 4                                         {product} {ergonomic}
     bool FlightRecorder                           = true                                      {product} {management}
     uint G1ConcRefinementThreads                  = 15                                        {product} {ergonomic}
   size_t G1HeapRegionSize                         = 2097152                                   {product} {ergonomic}
   size_t InitialHeapSize                          = 264241152                                 {product} {ergonomic}
   size_t MarkStackSize                            = 4194304                                   {product} {ergonomic}
   size_t MarkStackSizeMax                         = 536870912                                 {product} {ergonomic}
   size_t MaxHeapSize                              = 4208984064                                {product} {ergonomic}
   size_t MaxNewSize                               = 2524971008                                {product} {ergonomic}
   size_t MinHeapDeltaBytes                        = 2097152                                   {product} {ergonomic}
   size_t MinHeapSize                              = 8388608                                   {product} {ergonomic}
    uintx NonNMethodCodeHeapSize                   = 7602176                                {pd product} {ergonomic}
    uintx NonProfiledCodeHeapSize                  = 122093568                              {pd product} {ergonomic}
    uintx ProfiledCodeHeapSize                     = 121962496                              {pd product} {ergonomic}
    uintx ReservedCodeCacheSize                    = 251658240                              {pd product} {ergonomic}
     bool SegmentedCodeCache                       = true                                      {product} {ergonomic}
   size_t SoftMaxHeapSize                          = 4208984064                             {manageable} {ergonomic}
     bool UseCompressedOops                        = true                           {product lp64_product} {ergonomic}
     bool UseG1GC                                  = true                                      {product} {ergonomic}
     bool UseLargePagesIndividualAllocation        = false                                  {pd product} {ergonomic}

Logging:
Log output configuration:
 #0: stdout all=warning uptime,level,tags foldmultilines=false
 #1: stderr all=off uptime,level,tags foldmultilines=false

Environment Variables:
PATH=C:\Program Files\Eclipse Adoptium\jdk-21.0.6.7-hotspot\bin;C:\Program Files\Common Files\Oracle\Java\javapath;C:\WINDOWS\system32;C:\WINDOWS;C:\WINDOWS\System32\Wbem;C:\WINDOWS\System32\WindowsPowerShell\v1.0\;C:\WINDOWS\System32\OpenSSH\;C:\Program Files\dotnet\;C:\Program Files\Git\cmd;C:\Program Files\nodejs\;C:\Users\rcris\AppData\Local\pnpm;C:\Users\rcris\AppData\Local\Programs\Python\Launcher\;C:\Users\rcris\AppData\Local\Microsoft\WindowsApps;C:\Users\rcris\AppData\Local\Programs\Microsoft VS Code\bin;C:\Users\rcris\AppData\Local\GitHubDesktop\bin;C:\Users\rcris\AppData\Roaming\npm
USERNAME=rcris
OS=Windows_NT
PROCESSOR_IDENTIFIER=Intel64 Family 6 Model 186 Stepping 2, GenuineIntel
TMP=C:\Users\rcris\AppData\Local\Temp
TEMP=C:\Users\rcris\AppData\Local\Temp




Periodic native trim disabled

---------------  S Y S T E M  ---------------

OS:
 Windows 11 , 64 bit Build 26100 (10.0.26100.3912)
OS uptime: 1 days 6:36 hours
Hyper-V role detected

CPU: total 20 (initial active 20) (10 cores per cpu, 2 threads per core) family 6 model 186 stepping 2 microcode 0x4123, cx8, cmov, fxsr, ht, mmx, 3dnowpref, sse, sse2, sse3, ssse3, sse4.1, sse4.2, popcnt, lzcnt, tsc, tscinvbit, avx, avx2, aes, erms, clmul, bmi1, bmi2, adx, sha, fma, vzeroupper, clflush, clflushopt, clwb, hv, serialize, rdtscp, rdpid, fsrm, gfni, f16c, cet_ibt, cet_ss
Processor Information for processor 0
  Max Mhz: 2400, Current Mhz: 2400, Mhz Limit: 2400
Processor Information for processor 1
  Max Mhz: 2400, Current Mhz: 2400, Mhz Limit: 2400
Processor Information for processor 2
  Max Mhz: 2400, Current Mhz: 2400, Mhz Limit: 2400
Processor Information for processor 3
  Max Mhz: 2400, Current Mhz: 2400, Mhz Limit: 2400
Processor Information for processor 4
  Max Mhz: 2400, Current Mhz: 2400, Mhz Limit: 2400
Processor Information for processor 5
  Max Mhz: 2400, Current Mhz: 2400, Mhz Limit: 2400
Processor Information for processor 6
  Max Mhz: 2400, Current Mhz: 2400, Mhz Limit: 2400
Processor Information for processor 7
  Max Mhz: 2400, Current Mhz: 2400, Mhz Limit: 2400
Processor Information for processor 8
  Max Mhz: 2400, Current Mhz: 2400, Mhz Limit: 2400
Processor Information for processor 9
  Max Mhz: 2400, Current Mhz: 2400, Mhz Limit: 2400
Processor Information for processor 10
  Max Mhz: 2400, Current Mhz: 2400, Mhz Limit: 2400
Processor Information for processor 11
  Max Mhz: 2400, Current Mhz: 2400, Mhz Limit: 2400
Processor Information for processor 12
  Max Mhz: 2400, Current Mhz: 2400, Mhz Limit: 2400
Processor Information for processor 13
  Max Mhz: 2400, Current Mhz: 1466, Mhz Limit: 2400
Processor Information for processor 14
  Max Mhz: 2400, Current Mhz: 2400, Mhz Limit: 2400
Processor Information for processor 15
  Max Mhz: 2400, Current Mhz: 2400, Mhz Limit: 2400
Processor Information for processor 16
  Max Mhz: 2400, Current Mhz: 2400, Mhz Limit: 2400
Processor Information for processor 17
  Max Mhz: 2400, Current Mhz: 1466, Mhz Limit: 2400
Processor Information for processor 18
  Max Mhz: 2400, Current Mhz: 2400, Mhz Limit: 2400
Processor Information for processor 19
  Max Mhz: 2400, Current Mhz: 2400, Mhz Limit: 2400

Memory: 4k page, system-wide physical 16055M (4178M free)
TotalPageFile size 30391M (AvailPageFile size 14122M)
current process WorkingSet (physical memory assigned to process): 110M, peak: 115M
current process commit charge ("private bytes"): 420M, peak: 434M

vm_info: OpenJDK 64-Bit Server VM (24.0.1+9-30) for windows-amd64 JRE (24.0.1+9-30), built on 2025-03-05T07:23:45Z with MS VC++ 17.6 (VS2022)

END.
